21:30:09 **** Incremental Build of configuration Debug for project axi_quad_spi_test2 ****
make pre-build main-build 
a9-linaro-pre-build-step
' '
'Building file: ../src/controller.c'
'Invoking: ARM v7 gcc compiler'
arm-none-eabi-gcc -Wall -O0 -g3 -c -fmessage-length=0 -MT"src/controller.o" -mcpu=cortex-a9 -mfpu=vfpv3 -mfloat-abi=hard -I../../standalone_bsp_0/ps7_cortexa9_0/include -MMD -MP -MF"src/controller.d" -MT"src/controller.o" -o "src/controller.o" "../src/controller.c"
'Finished building: ../src/controller.c'
' '
'Building file: ../src/helloworld.c'
'Invoking: ARM v7 gcc compiler'
arm-none-eabi-gcc -Wall -O0 -g3 -c -fmessage-length=0 -MT"src/helloworld.o" -mcpu=cortex-a9 -mfpu=vfpv3 -mfloat-abi=hard -I../../standalone_bsp_0/ps7_cortexa9_0/include -MMD -MP -MF"src/helloworld.d" -MT"src/helloworld.o" -o "src/helloworld.o" "../src/helloworld.c"
'Finished building: ../src/helloworld.c'
' '
'Building target: axi_quad_spi_test2.elf'
'Invoking: ARM v7 gcc linker'
arm-none-eabi-gcc -mcpu=cortex-a9 -mfpu=vfpv3 -mfloat-abi=hard -Wl,-build-id=none -specs=Xilinx.spec -Wl,-T -Wl,../src/lscript.ld -L../../standalone_bsp_0/ps7_cortexa9_0/lib -o "axi_quad_spi_test2.elf"  ./src/controller.o ./src/helloworld.o ./src/platform.o   -Wl,--start-group,-lxil,-lgcc,-lc,--end-group
'Finished building target: axi_quad_spi_test2.elf'
' '
'Invoking: ARM v7 Print Size'
arm-none-eabi-size axi_quad_spi_test2.elf  |tee "axi_quad_spi_test2.elf.size"
   text	   data	    bss	    dec	    hex	filename
  79940	   2616	  23344	 105900	  19dac	axi_quad_spi_test2.elf
'Finished building: axi_quad_spi_test2.elf.size'
' '

21:30:10 Build Finished (took 633ms)

